3 I love eating.
1 
2 I love eating Pizza.
1 
1 Thanks.
1 Than
1 
1 I love eating.
1 
2 I love eating.
1 
2 I love eating.
2 
