I love eating.

I love eating Pizza.

I love eating.

I love eating.

I love eating.

