I love eating.

I love eating Pizza.

Thanks.
Than
I love eating.

I love eating.

I love eating.

